
[TestShouldMapOverSliceOfIntegers - 1]
[
 2,
 4,
 6
]
---

[TestShouldMapOverSliceOfStrings - 1]
[
 "foo:new",
 "bar:new",
 "buzz:new"
]
---
